<area shape="rect" href="$usb&#45;vhci&#45;hcd_8c.html#bc4b326c90890cc659a5dca0e7840e8c" title="ioc_fetch_work" alt="" coords="360,5,475,32">
<area shape="rect" href="$usb&#45;vhci&#45;hcd_8c.html#2e9a555852470d202859c27832a2ae05" title="vhci_urb_giveback" alt="" coords="143,95,279,121">
<area shape="rect" href="$usb&#45;vhci&#45;hcd_8c.html#a0b1c2d28cb24a9a4a3acaa98a2e96ca" title="device_do_ioctl" alt="" coords="717,56,835,83">
<area shape="rect" href="$usb&#45;vhci&#45;hcd_8c.html#7469c0e02a3b12a90b9505401fbac6a1" title="device_ioctl" alt="" coords="884,56,977,83">
<area shape="rect" href="$usb&#45;vhci&#45;hcd_8c.html#a78e63bb1fc9bfe92363a441dd72fc12" title="ioc_fetch_data_common" alt="" coords="328,56,507,83">
<area shape="rect" href="$usb&#45;vhci&#45;hcd_8c.html#727f6aaf8c7d4b0cf03b244e87f63d0f" title="ioc_giveback_common" alt="" coords="335,107,500,133">
<area shape="rect" href="$usb&#45;vhci&#45;hcd_8c.html#fbe80adbeab0893321c9b738a7806f20" title="vhci_hcd_remove" alt="" coords="351,157,484,184">
<area shape="rect" href="$usb&#45;vhci&#45;hcd_8c.html#f36af3d40e8c0aff61ff3f92ba867ed5" title="vhci_urb_dequeue" alt="" coords="349,208,485,235">
<area shape="rect" href="$usb&#45;vhci&#45;hcd_8c.html#4b4660b8587aeec3d9b70aec2164cc6a" title="ioc_fetch_data" alt="" coords="555,56,669,83">
<area shape="rect" href="$usb&#45;vhci&#45;hcd_8c.html#87200ed5c692f0211815b055b32b19f1" title="ioc_giveback" alt="" coords="561,107,663,133">
