<area shape="rect" href="$usb&#45;vhci&#45;hcd_8c.html#1c1cae52ee0c9dfe8919aaa013a3c968" title="device_ioctl" alt="" coords="172,5,265,32">
<area shape="rect" href="$usb&#45;vhci&#45;hcd_8c.html#044f76363e4b0c0ab11588e205ee4d61" title="show_urbs" alt="" coords="175,56,263,83">
<area shape="rect" href="$usb&#45;vhci&#45;hcd_8c.html#a66f95a58665abfa09f18a47cef436ad" title="vhci_bus_resume" alt="" coords="153,107,284,133">
<area shape="rect" href="$usb&#45;vhci&#45;hcd_8c.html#03d9d94633b4a2af833f2ad1abb1a31e" title="vhci_bus_suspend" alt="" coords="151,157,287,184">
<area shape="rect" href="$usb&#45;vhci&#45;hcd_8c.html#86750a99bd5dd6eb655d3791d10b54c5" title="vhci_get_frame" alt="" coords="159,208,279,235">
<area shape="rect" href="$usb&#45;vhci&#45;hcd_8c.html#fbe80adbeab0893321c9b738a7806f20" title="vhci_hcd_remove" alt="" coords="152,259,285,285">
<area shape="rect" href="$usb&#45;vhci&#45;hcd_8c.html#d56aa02bb9604b14f91fe698d6e04816" title="vhci_hcd_resume" alt="" coords="153,309,284,336">
<area shape="rect" href="$usb&#45;vhci&#45;hcd_8c.html#6ecf48ca33cb0b271aa15cb041addadb" title="vhci_hcd_suspend" alt="" coords="151,360,287,387">
<area shape="rect" href="$usb&#45;vhci&#45;hcd_8c.html#ce2328d315482d3d8bca359de5e93482" title="vhci_hub_control" alt="" coords="155,411,283,437">
<area shape="rect" href="$usb&#45;vhci&#45;hcd_8c.html#559a9efb75d38331c3e5a7cf1cac60f3" title="vhci_hub_status" alt="" coords="157,461,280,488">
<area shape="rect" href="$usb&#45;vhci&#45;hcd_8c.html#a053bea3baa021679daf5cb2917d56ab" title="vhci_start" alt="" coords="177,512,260,539">
<area shape="rect" href="$usb&#45;vhci&#45;hcd_8c.html#00d4fcd4ec2f66330b5cd67bd62c7f53" title="vhci_stop" alt="" coords="179,563,259,589">
<area shape="rect" href="$usb&#45;vhci&#45;hcd_8c.html#f36af3d40e8c0aff61ff3f92ba867ed5" title="vhci_urb_dequeue" alt="" coords="151,613,287,640">
<area shape="rect" href="$usb&#45;vhci&#45;hcd_8c.html#78301e11106b43794de6226c0a0c75e5" title="vhci_urb_enqueue" alt="" coords="151,664,287,691">
