<area shape="rect" href="$vhci&#45;hcd_8c.html#2e6f99053a4a17df2135c3079d1cb71b" title="ioc_fetch_work" alt="" coords="360,5,475,32">
<area shape="rect" href="$vhci&#45;hcd_8c.html#2e9a555852470d202859c27832a2ae05" title="vhci_urb_giveback" alt="" coords="143,95,279,121">
<area shape="rect" href="$vhci&#45;hcd_8c.html#1c1cae52ee0c9dfe8919aaa013a3c968" title="device_ioctl" alt="" coords="719,56,812,83">
<area shape="rect" href="$vhci&#45;hcd_8c.html#a8ad7dce0fc9862016f8480b053a3ade" title="ioc_fetch_data_common" alt="" coords="328,56,507,83">
<area shape="rect" href="$vhci&#45;hcd_8c.html#389f5842863f702e75737f852bf093d8" title="ioc_giveback_common" alt="" coords="335,107,500,133">
<area shape="rect" href="$vhci&#45;hcd_8c.html#fbe80adbeab0893321c9b738a7806f20" title="vhci_hcd_remove" alt="" coords="351,157,484,184">
<area shape="rect" href="$vhci&#45;hcd_8c.html#f36af3d40e8c0aff61ff3f92ba867ed5" title="vhci_urb_dequeue" alt="" coords="349,208,485,235">
<area shape="rect" href="$vhci&#45;hcd_8c.html#c01e8babdf2c516abb1e66d34c8e0615" title="ioc_fetch_data" alt="" coords="555,56,669,83">
<area shape="rect" href="$vhci&#45;hcd_8c.html#ba134330ab698e218aaa1998f59841c6" title="ioc_giveback" alt="" coords="561,107,663,133">
